{"date": "2020-01-01 01:11:00", "average_delivery_time": 0}
{"date": "2020-01-01 01:12:00", "average_delivery_time": 200.0}
{"date": "2020-01-01 01:13:00", "average_delivery_time": 115.0}
{"date": "2020-01-01 01:14:00", "average_delivery_time": 126.66666666666667}
{"date": "2020-01-01 01:15:00", "average_delivery_time": 120.0}
{"date": "2020-01-01 01:16:00", "average_delivery_time": 98.0}
{"date": "2020-01-01 01:17:00", "average_delivery_time": 85.33333333333333}
{"date": "2020-01-01 01:18:00", "average_delivery_time": 81.14285714285714}
{"date": "2020-01-01 01:19:00", "average_delivery_time": 77.125}
{"date": "2020-01-01 01:20:00", "average_delivery_time": 1157.4444444444443}
{"date": "2020-01-01 01:21:00", "average_delivery_time": 1119.7}
{"date": "2020-01-01 01:22:00", "average_delivery_time": 1102.7}
